Command line invocation:
    /Applications/Xcode_16.1.app/Contents/Developer/usr/bin/xcodebuild -project SensiBotMax.xcodeproj -scheme SensiBotMax -configuration Release -sdk iphoneos -derivedDataPath build/DerivedData build CODE_SIGNING_ALLOWED=NO CODE_SIGNING_REQUIRED=NO CODE_SIGN_IDENTITY= AD_HOC_CODE_SIGNING_ALLOWED=YES DEVELOPMENT_TEAM=

User defaults from command line:
    IDEDerivedDataPathOverride = /Users/runner/work/Sensi-Bot-Ios/Sensi-Bot-Ios/ios/build/DerivedData
    IDEPackageSupportUseBuiltinSCM = YES

Build settings from command line:
    AD_HOC_CODE_SIGNING_ALLOWED = YES
    CODE_SIGN_IDENTITY = 
    CODE_SIGNING_ALLOWED = NO
    CODE_SIGNING_REQUIRED = NO
    DEVELOPMENT_TEAM = 
    SDKROOT = iphoneos18.1

--- xcodebuild: WARNING: Using the first of multiple matching destinations:
{ platform:iOS, id:dvtdevice-DVTiPhonePlaceholder-iphoneos:placeholder, name:Any iOS Device }
{ platform:macOS, arch:arm64, variant:Designed for [iPad,iPhone], id:0000FE00-7CCC9802DA488B9F, name:My Mac }
{ platform:iOS Simulator, id:dvtdevice-DVTiOSDeviceSimulatorPlaceholder-iphonesimulator:placeholder, name:Any iOS Simulator Device }
Prepare packages

note: Using codesigning identity override: 
ComputeTargetDependencyGraph
note: Building targets in dependency order
note: Target dependency graph (1 target)
    Target 'SensiBotMax' in project 'SensiBotMax' (no dependencies)

GatherProvisioningInputs

CreateBuildDescription

ExecuteExternalTool /Applications/Xcode_16.1.app/Contents/Developer/usr/bin/actool --print-asset-tag-combinations --output-format xml1 /Users/runner/work/Sensi-Bot-Ios/Sensi-Bot-Ios/ios/SensiBotMax/Assets.xcassets

ExecuteExternalTool /Applications/Xcode_16.1.app/Contents/Developer/usr/bin/ibtool --version --output-format xml1

ExecuteExternalTool /Applications/Xcode_16.1.app/Contents/Developer/Toolchains/XcodeDefault.xctoolchain/usr/bin/clang -v -E -dM -isysroot /Applications/Xcode_16.1.app/Contents/Developer/Platforms/iPhoneOS.platform/Developer/SDKs/iPhoneOS18.1.sdk -x c -c /dev/null

ExecuteExternalTool /Applications/Xcode_16.1.app/Contents/Developer/usr/bin/actool --version --output-format xml1

ExecuteExternalTool /Applications/Xcode_16.1.app/Contents/Developer/Toolchains/XcodeDefault.xctoolchain/usr/bin/swiftc --version

ExecuteExternalTool /Applications/Xcode_16.1.app/Contents/Developer/Toolchains/XcodeDefault.xctoolchain/usr/bin/ld -version_details

Build description signature: 3ee3f9fc376376424b1aa9be44589c93
Build description path: /Users/runner/work/Sensi-Bot-Ios/Sensi-Bot-Ios/ios/build/DerivedData/Build/Intermediates.noindex/XCBuildData/3ee3f9fc376376424b1aa9be44589c93.xcbuilddata
ClangStatCache /Applications/Xcode_16.1.app/Contents/Developer/Toolchains/XcodeDefault.xctoolchain/usr/bin/clang-stat-cache /Applications/Xcode_16.1.app/Contents/Developer/Platforms/iPhoneOS.platform/Developer/SDKs/iPhoneOS18.1.sdk /Users/runner/work/Sensi-Bot-Ios/Sensi-Bot-Ios/ios/build/DerivedData/SDKStatCaches.noindex/iphoneos18.1-22B74-a5999746ac4ace560a5a822e68842f47.sdkstatcache
    cd /Users/runner/work/Sensi-Bot-Ios/Sensi-Bot-Ios/ios/SensiBotMax.xcodeproj
    /Applications/Xcode_16.1.app/Contents/Developer/Toolchains/XcodeDefault.xctoolchain/usr/bin/clang-stat-cache /Applications/Xcode_16.1.app/Contents/Developer/Platforms/iPhoneOS.platform/Developer/SDKs/iPhoneOS18.1.sdk -o /Users/runner/work/Sensi-Bot-Ios/Sensi-Bot-Ios/ios/build/DerivedData/SDKStatCaches.noindex/iphoneos18.1-22B74-a5999746ac4ace560a5a822e68842f47.sdkstatcache

CreateBuildDirectory /Users/runner/work/Sensi-Bot-Ios/Sensi-Bot-Ios/ios/build/DerivedData/Build/Products
    cd /Users/runner/work/Sensi-Bot-Ios/Sensi-Bot-Ios/ios/SensiBotMax.xcodeproj
    builtin-create-build-directory /Users/runner/work/Sensi-Bot-Ios/Sensi-Bot-Ios/ios/build/DerivedData/Build/Products

CreateBuildDirectory /Users/runner/work/Sensi-Bot-Ios/Sensi-Bot-Ios/ios/build/DerivedData/Build/Intermediates.noindex
    cd /Users/runner/work/Sensi-Bot-Ios/Sensi-Bot-Ios/ios/SensiBotMax.xcodeproj
    builtin-create-build-directory /Users/runner/work/Sensi-Bot-Ios/Sensi-Bot-Ios/ios/build/DerivedData/Build/Intermediates.noindex

WriteAuxiliaryFile /Users/runner/work/Sensi-Bot-Ios/Sensi-Bot-Ios/ios/build/DerivedData/Build/Intermediates.noindex/SensiBotMax.build/Release-iphoneos/SensiBotMax-7448521b4b3a39ad71352259f8e4b27e-VFS-iphoneos/all-product-headers.yaml
    cd /Users/runner/work/Sensi-Bot-Ios/Sensi-Bot-Ios/ios/SensiBotMax.xcodeproj
    write-file /Users/runner/work/Sensi-Bot-Ios/Sensi-Bot-Ios/ios/build/DerivedData/Build/Intermediates.noindex/SensiBotMax.build/Release-iphoneos/SensiBotMax-7448521b4b3a39ad71352259f8e4b27e-VFS-iphoneos/all-product-headers.yaml

CreateBuildDirectory /Users/runner/work/Sensi-Bot-Ios/Sensi-Bot-Ios/ios/build/DerivedData/Build/Products/Release-iphoneos
    cd /Users/runner/work/Sensi-Bot-Ios/Sensi-Bot-Ios/ios/SensiBotMax.xcodeproj
    builtin-create-build-directory /Users/runner/work/Sensi-Bot-Ios/Sensi-Bot-Ios/ios/build/DerivedData/Build/Products/Release-iphoneos

CreateBuildDirectory /Users/runner/work/Sensi-Bot-Ios/Sensi-Bot-Ios/ios/build/DerivedData/Build/Intermediates.noindex/EagerLinkingTBDs/Release-iphoneos
    cd /Users/runner/work/Sensi-Bot-Ios/Sensi-Bot-Ios/ios/SensiBotMax.xcodeproj
    builtin-create-build-directory /Users/runner/work/Sensi-Bot-Ios/Sensi-Bot-Ios/ios/build/DerivedData/Build/Intermediates.noindex/EagerLinkingTBDs/Release-iphoneos

WriteAuxiliaryFile /Users/runner/work/Sensi-Bot-Ios/Sensi-Bot-Ios/ios/build/DerivedData/Build/Intermediates.noindex/SensiBotMax.build/Release-iphoneos/SensiBotMax.build/SensiBotMax.hmap (in target 'SensiBotMax' from project 'SensiBotMax')
    cd /Users/runner/work/Sensi-Bot-Ios/Sensi-Bot-Ios/ios
    write-file /Users/runner/work/Sensi-Bot-Ios/Sensi-Bot-Ios/ios/build/DerivedData/Build/Intermediates.noindex/SensiBotMax.build/Release-iphoneos/SensiBotMax.build/SensiBotMax.hmap

WriteAuxiliaryFile /Users/runner/work/Sensi-Bot-Ios/Sensi-Bot-Ios/ios/build/DerivedData/Build/Intermediates.noindex/SensiBotMax.build/Release-iphoneos/SensiBotMax.build/SensiBotMax.DependencyMetadataFileList (in target 'SensiBotMax' from project 'SensiBotMax')
    cd /Users/runner/work/Sensi-Bot-Ios/Sensi-Bot-Ios/ios
    write-file /Users/runner/work/Sensi-Bot-Ios/Sensi-Bot-Ios/ios/build/DerivedData/Build/Intermediates.noindex/SensiBotMax.build/Release-iphoneos/SensiBotMax.build/SensiBotMax.DependencyMetadataFileList

WriteAuxiliaryFile /Users/runner/work/Sensi-Bot-Ios/Sensi-Bot-Ios/ios/build/DerivedData/Build/Intermediates.noindex/SensiBotMax.build/Release-iphoneos/SensiBotMax.build/SensiBotMax-project-headers.hmap (in target 'SensiBotMax' from project 'SensiBotMax')
    cd /Users/runner/work/Sensi-Bot-Ios/Sensi-Bot-Ios/ios
    write-file /Users/runner/work/Sensi-Bot-Ios/Sensi-Bot-Ios/ios/build/DerivedData/Build/Intermediates.noindex/SensiBotMax.build/Release-iphoneos/SensiBotMax.build/SensiBotMax-project-headers.hmap

WriteAuxiliaryFile /Users/runner/work/Sensi-Bot-Ios/Sensi-Bot-Ios/ios/build/DerivedData/Build/Intermediates.noindex/SensiBotMax.build/Release-iphoneos/SensiBotMax.build/SensiBotMax-own-target-headers.hmap (in target 'SensiBotMax' from project 'SensiBotMax')
    cd /Users/runner/work/Sensi-Bot-Ios/Sensi-Bot-Ios/ios
    write-file /Users/runner/work/Sensi-Bot-Ios/Sensi-Bot-Ios/ios/build/DerivedData/Build/Intermediates.noindex/SensiBotMax.build/Release-iphoneos/SensiBotMax.build/SensiBotMax-own-target-headers.hmap

WriteAuxiliaryFile /Users/runner/work/Sensi-Bot-Ios/Sensi-Bot-Ios/ios/build/DerivedData/Build/Intermediates.noindex/SensiBotMax.build/Release-iphoneos/SensiBotMax.build/SensiBotMax-generated-files.hmap (in target 'SensiBotMax' from project 'SensiBotMax')
    cd /Users/runner/work/Sensi-Bot-Ios/Sensi-Bot-Ios/ios
    write-file /Users/runner/work/Sensi-Bot-Ios/Sensi-Bot-Ios/ios/build/DerivedData/Build/Intermediates.noindex/SensiBotMax.build/Release-iphoneos/SensiBotMax.build/SensiBotMax-generated-files.hmap

WriteAuxiliaryFile /Users/runner/work/Sensi-Bot-Ios/Sensi-Bot-Ios/ios/build/DerivedData/Build/Intermediates.noindex/SensiBotMax.build/Release-iphoneos/SensiBotMax.build/SensiBotMax-all-target-headers.hmap (in target 'SensiBotMax' from project 'SensiBotMax')
    cd /Users/runner/work/Sensi-Bot-Ios/Sensi-Bot-Ios/ios
    write-file /Users/runner/work/Sensi-Bot-Ios/Sensi-Bot-Ios/ios/build/DerivedData/Build/Intermediates.noindex/SensiBotMax.build/Release-iphoneos/SensiBotMax.build/SensiBotMax-all-target-headers.hmap

WriteAuxiliaryFile /Users/runner/work/Sensi-Bot-Ios/Sensi-Bot-Ios/ios/build/DerivedData/Build/Intermediates.noindex/SensiBotMax.build/Release-iphoneos/SensiBotMax.build/SensiBotMax-all-non-framework-target-headers.hmap (in target 'SensiBotMax' from project 'SensiBotMax')
    cd /Users/runner/work/Sensi-Bot-Ios/Sensi-Bot-Ios/ios
    write-file /Users/runner/work/Sensi-Bot-Ios/Sensi-Bot-Ios/ios/build/DerivedData/Build/Intermediates.noindex/SensiBotMax.build/Release-iphoneos/SensiBotMax.build/SensiBotMax-all-non-framework-target-headers.hmap

WriteAuxiliaryFile /Users/runner/work/Sensi-Bot-Ios/Sensi-Bot-Ios/ios/build/DerivedData/Build/Intermediates.noindex/SensiBotMax.build/Release-iphoneos/SensiBotMax.build/Objects-normal/arm64/SensiBotMax_const_extract_protocols.json (in target 'SensiBotMax' from project 'SensiBotMax')
    cd /Users/runner/work/Sensi-Bot-Ios/Sensi-Bot-Ios/ios
    write-file /Users/runner/work/Sensi-Bot-Ios/Sensi-Bot-Ios/ios/build/DerivedData/Build/Intermediates.noindex/SensiBotMax.build/Release-iphoneos/SensiBotMax.build/Objects-normal/arm64/SensiBotMax_const_extract_protocols.json

WriteAuxiliaryFile /Users/runner/work/Sensi-Bot-Ios/Sensi-Bot-Ios/ios/build/DerivedData/Build/Intermediates.noindex/SensiBotMax.build/Release-iphoneos/SensiBotMax.build/Objects-normal/arm64/SensiBotMax.SwiftFileList (in target 'SensiBotMax' from project 'SensiBotMax')
    cd /Users/runner/work/Sensi-Bot-Ios/Sensi-Bot-Ios/ios
    write-file /Users/runner/work/Sensi-Bot-Ios/Sensi-Bot-Ios/ios/build/DerivedData/Build/Intermediates.noindex/SensiBotMax.build/Release-iphoneos/SensiBotMax.build/Objects-normal/arm64/SensiBotMax.SwiftFileList

WriteAuxiliaryFile /Users/runner/work/Sensi-Bot-Ios/Sensi-Bot-Ios/ios/build/DerivedData/Build/Intermediates.noindex/SensiBotMax.build/Release-iphoneos/SensiBotMax.build/Objects-normal/arm64/SensiBotMax.SwiftConstValuesFileList (in target 'SensiBotMax' from project 'SensiBotMax')
    cd /Users/runner/work/Sensi-Bot-Ios/Sensi-Bot-Ios/ios
    write-file /Users/runner/work/Sensi-Bot-Ios/Sensi-Bot-Ios/ios/build/DerivedData/Build/Intermediates.noindex/SensiBotMax.build/Release-iphoneos/SensiBotMax.build/Objects-normal/arm64/SensiBotMax.SwiftConstValuesFileList

WriteAuxiliaryFile /Users/runner/work/Sensi-Bot-Ios/Sensi-Bot-Ios/ios/build/DerivedData/Build/Intermediates.noindex/SensiBotMax.build/Release-iphoneos/SensiBotMax.build/Objects-normal/arm64/SensiBotMax.LinkFileList (in target 'SensiBotMax' from project 'SensiBotMax')
    cd /Users/runner/work/Sensi-Bot-Ios/Sensi-Bot-Ios/ios
    write-file /Users/runner/work/Sensi-Bot-Ios/Sensi-Bot-Ios/ios/build/DerivedData/Build/Intermediates.noindex/SensiBotMax.build/Release-iphoneos/SensiBotMax.build/Objects-normal/arm64/SensiBotMax.LinkFileList

WriteAuxiliaryFile /Users/runner/work/Sensi-Bot-Ios/Sensi-Bot-Ios/ios/build/DerivedData/Build/Intermediates.noindex/SensiBotMax.build/Release-iphoneos/SensiBotMax.build/Objects-normal/arm64/SensiBotMax-OutputFileMap.json (in target 'SensiBotMax' from project 'SensiBotMax')
    cd /Users/runner/work/Sensi-Bot-Ios/Sensi-Bot-Ios/ios
    write-file /Users/runner/work/Sensi-Bot-Ios/Sensi-Bot-Ios/ios/build/DerivedData/Build/Intermediates.noindex/SensiBotMax.build/Release-iphoneos/SensiBotMax.build/Objects-normal/arm64/SensiBotMax-OutputFileMap.json

MkDir /Users/runner/work/Sensi-Bot-Ios/Sensi-Bot-Ios/ios/build/DerivedData/Build/Products/Release-iphoneos/SensiBotMax.app (in target 'SensiBotMax' from project 'SensiBotMax')
    cd /Users/runner/work/Sensi-Bot-Ios/Sensi-Bot-Ios/ios
    /bin/mkdir -p /Users/runner/work/Sensi-Bot-Ios/Sensi-Bot-Ios/ios/build/DerivedData/Build/Products/Release-iphoneos/SensiBotMax.app

CopyPNGFile /Users/runner/work/Sensi-Bot-Ios/Sensi-Bot-Ios/ios/build/DerivedData/Build/Products/Release-iphoneos/SensiBotMax.app/sensi_logo_small.png /Users/runner/work/Sensi-Bot-Ios/Sensi-Bot-Ios/ios/SensiBotMax/Resources/sensi_logo_small.png (in target 'SensiBotMax' from project 'SensiBotMax')
    cd /Users/runner/work/Sensi-Bot-Ios/Sensi-Bot-Ios/ios
    /Applications/Xcode_16.1.app/Contents/Developer/usr/bin/copypng -compress -strip-PNG-text /Users/runner/work/Sensi-Bot-Ios/Sensi-Bot-Ios/ios/SensiBotMax/Resources/sensi_logo_small.png /Users/runner/work/Sensi-Bot-Ios/Sensi-Bot-Ios/ios/build/DerivedData/Build/Products/Release-iphoneos/SensiBotMax.app/sensi_logo_small.png

GenerateAssetSymbols /Users/runner/work/Sensi-Bot-Ios/Sensi-Bot-Ios/ios/SensiBotMax/Assets.xcassets (in target 'SensiBotMax' from project 'SensiBotMax')
    cd /Users/runner/work/Sensi-Bot-Ios/Sensi-Bot-Ios/ios
    /Applications/Xcode_16.1.app/Contents/Developer/usr/bin/actool --output-format human-readable-text --notices --warnings --export-dependency-info /Users/runner/work/Sensi-Bot-Ios/Sensi-Bot-Ios/ios/build/DerivedData/Build/Intermediates.noindex/SensiBotMax.build/Release-iphoneos/SensiBotMax.build/assetcatalog_dependencies --output-partial-info-plist /Users/runner/work/Sensi-Bot-Ios/Sensi-Bot-Ios/ios/build/DerivedData/Build/Intermediates.noindex/SensiBotMax.build/Release-iphoneos/SensiBotMax.build/assetcatalog_generated_info.plist --app-icon AppIcon --compress-pngs --enable-on-demand-resources YES --development-region en --target-device iphone --minimum-deployment-target 15.0 --platform iphoneos --compile /Users/runner/work/Sensi-Bot-Ios/Sensi-Bot-Ios/ios/build/DerivedData/Build/Products/Release-iphoneos/SensiBotMax.app /Users/runner/work/Sensi-Bot-Ios/Sensi-Bot-Ios/ios/SensiBotMax/Assets.xcassets --bundle-identifier com.sensibotpro.ios --generate-swift-asset-symbol-extensions NO --generate-swift-asset-symbols /Users/runner/work/Sensi-Bot-Ios/Sensi-Bot-Ios/ios/build/DerivedData/Build/Intermediates.noindex/SensiBotMax.build/Release-iphoneos/SensiBotMax.build/DerivedSources/GeneratedAssetSymbols.swift --generate-objc-asset-symbols /Users/runner/work/Sensi-Bot-Ios/Sensi-Bot-Ios/ios/build/DerivedData/Build/Intermediates.noindex/SensiBotMax.build/Release-iphoneos/SensiBotMax.build/DerivedSources/GeneratedAssetSymbols.h --generate-asset-symbol-index /Users/runner/work/Sensi-Bot-Ios/Sensi-Bot-Ios/ios/build/DerivedData/Build/Intermediates.noindex/SensiBotMax.build/Release-iphoneos/SensiBotMax.build/DerivedSources/GeneratedAssetSymbols-Index.plist
/* com.apple.actool.compilation-results */
/Users/runner/work/Sensi-Bot-Ios/Sensi-Bot-Ios/ios/build/DerivedData/Build/Intermediates.noindex/SensiBotMax.build/Release-iphoneos/SensiBotMax.build/DerivedSources/GeneratedAssetSymbols-Index.plist
/Users/runner/work/Sensi-Bot-Ios/Sensi-Bot-Ios/ios/build/DerivedData/Build/Intermediates.noindex/SensiBotMax.build/Release-iphoneos/SensiBotMax.build/DerivedSources/GeneratedAssetSymbols.h
/Users/runner/work/Sensi-Bot-Ios/Sensi-Bot-Ios/ios/build/DerivedData/Build/Intermediates.noindex/SensiBotMax.build/Release-iphoneos/SensiBotMax.build/DerivedSources/GeneratedAssetSymbols.swift


CopyPNGFile /Users/runner/work/Sensi-Bot-Ios/Sensi-Bot-Ios/ios/build/DerivedData/Build/Products/Release-iphoneos/SensiBotMax.app/sensi_logo.png /Users/runner/work/Sensi-Bot-Ios/Sensi-Bot-Ios/ios/SensiBotMax/Resources/sensi_logo.png (in target 'SensiBotMax' from project 'SensiBotMax')
    cd /Users/runner/work/Sensi-Bot-Ios/Sensi-Bot-Ios/ios
    /Applications/Xcode_16.1.app/Contents/Developer/usr/bin/copypng -compress -strip-PNG-text /Users/runner/work/Sensi-Bot-Ios/Sensi-Bot-Ios/ios/SensiBotMax/Resources/sensi_logo.png /Users/runner/work/Sensi-Bot-Ios/Sensi-Bot-Ios/ios/build/DerivedData/Build/Products/Release-iphoneos/SensiBotMax.app/sensi_logo.png

CopyPNGFile /Users/runner/work/Sensi-Bot-Ios/Sensi-Bot-Ios/ios/build/DerivedData/Build/Products/Release-iphoneos/SensiBotMax.app/character_criminal.png /Users/runner/work/Sensi-Bot-Ios/Sensi-Bot-Ios/ios/SensiBotMax/Resources/character_criminal.png (in target 'SensiBotMax' from project 'SensiBotMax')
    cd /Users/runner/work/Sensi-Bot-Ios/Sensi-Bot-Ios/ios
    /Applications/Xcode_16.1.app/Contents/Developer/usr/bin/copypng -compress -strip-PNG-text /Users/runner/work/Sensi-Bot-Ios/Sensi-Bot-Ios/ios/SensiBotMax/Resources/character_criminal.png /Users/runner/work/Sensi-Bot-Ios/Sensi-Bot-Ios/ios/build/DerivedData/Build/Products/Release-iphoneos/SensiBotMax.app/character_criminal.png

CopyPNGFile /Users/runner/work/Sensi-Bot-Ios/Sensi-Bot-Ios/ios/build/DerivedData/Build/Products/Release-iphoneos/SensiBotMax.app/AppIcon60x60@3x.png /Users/runner/work/Sensi-Bot-Ios/Sensi-Bot-Ios/ios/SensiBotMax/Resources/AppIcon60x60@3x.png (in target 'SensiBotMax' from project 'SensiBotMax')
    cd /Users/runner/work/Sensi-Bot-Ios/Sensi-Bot-Ios/ios
    /Applications/Xcode_16.1.app/Contents/Developer/usr/bin/copypng -compress -strip-PNG-text /Users/runner/work/Sensi-Bot-Ios/Sensi-Bot-Ios/ios/SensiBotMax/Resources/AppIcon60x60@3x.png /Users/runner/work/Sensi-Bot-Ios/Sensi-Bot-Ios/ios/build/DerivedData/Build/Products/Release-iphoneos/SensiBotMax.app/AppIcon60x60@3x.png

CopyPNGFile /Users/runner/work/Sensi-Bot-Ios/Sensi-Bot-Ios/ios/build/DerivedData/Build/Products/Release-iphoneos/SensiBotMax.app/AppIcon60x60@2x.png /Users/runner/work/Sensi-Bot-Ios/Sensi-Bot-Ios/ios/SensiBotMax/Resources/AppIcon60x60@2x.png (in target 'SensiBotMax' from project 'SensiBotMax')
    cd /Users/runner/work/Sensi-Bot-Ios/Sensi-Bot-Ios/ios
    /Applications/Xcode_16.1.app/Contents/Developer/usr/bin/copypng -compress -strip-PNG-text /Users/runner/work/Sensi-Bot-Ios/Sensi-Bot-Ios/ios/SensiBotMax/Resources/AppIcon60x60@2x.png /Users/runner/work/Sensi-Bot-Ios/Sensi-Bot-Ios/ios/build/DerivedData/Build/Products/Release-iphoneos/SensiBotMax.app/AppIcon60x60@2x.png

CopyPNGFile /Users/runner/work/Sensi-Bot-Ios/Sensi-Bot-Ios/ios/build/DerivedData/Build/Products/Release-iphoneos/SensiBotMax.app/AppIcon-1024.png /Users/runner/work/Sensi-Bot-Ios/Sensi-Bot-Ios/ios/SensiBotMax/Resources/AppIcon-1024.png (in target 'SensiBotMax' from project 'SensiBotMax')
    cd /Users/runner/work/Sensi-Bot-Ios/Sensi-Bot-Ios/ios
    /Applications/Xcode_16.1.app/Contents/Developer/usr/bin/copypng -compress -strip-PNG-text /Users/runner/work/Sensi-Bot-Ios/Sensi-Bot-Ios/ios/SensiBotMax/Resources/AppIcon-1024.png /Users/runner/work/Sensi-Bot-Ios/Sensi-Bot-Ios/ios/build/DerivedData/Build/Products/Release-iphoneos/SensiBotMax.app/AppIcon-1024.png

CompileStoryboard /Users/runner/work/Sensi-Bot-Ios/Sensi-Bot-Ios/ios/SensiBotMax/App/LaunchScreen.storyboard (in target 'SensiBotMax' from project 'SensiBotMax')
    cd /Users/runner/work/Sensi-Bot-Ios/Sensi-Bot-Ios/ios
    /Applications/Xcode_16.1.app/Contents/Developer/usr/bin/ibtool --errors --warnings --notices --module SensiBotMax --output-partial-info-plist /Users/runner/work/Sensi-Bot-Ios/Sensi-Bot-Ios/ios/build/DerivedData/Build/Intermediates.noindex/SensiBotMax.build/Release-iphoneos/SensiBotMax.build/LaunchScreen-SBPartialInfo.plist --auto-activate-custom-fonts --target-device iphone --minimum-deployment-target 15.0 --output-format human-readable-text --compilation-directory /Users/runner/work/Sensi-Bot-Ios/Sensi-Bot-Ios/ios/build/DerivedData/Build/Intermediates.noindex/SensiBotMax.build/Release-iphoneos/SensiBotMax.build /Users/runner/work/Sensi-Bot-Ios/Sensi-Bot-Ios/ios/SensiBotMax/App/LaunchScreen.storyboard

CompileAssetCatalog /Users/runner/work/Sensi-Bot-Ios/Sensi-Bot-Ios/ios/build/DerivedData/Build/Products/Release-iphoneos/SensiBotMax.app /Users/runner/work/Sensi-Bot-Ios/Sensi-Bot-Ios/ios/SensiBotMax/Assets.xcassets (in target 'SensiBotMax' from project 'SensiBotMax')
    cd /Users/runner/work/Sensi-Bot-Ios/Sensi-Bot-Ios/ios
    /Applications/Xcode_16.1.app/Contents/Developer/usr/bin/actool --output-format human-readable-text --notices --warnings --export-dependency-info /Users/runner/work/Sensi-Bot-Ios/Sensi-Bot-Ios/ios/build/DerivedData/Build/Intermediates.noindex/SensiBotMax.build/Release-iphoneos/SensiBotMax.build/assetcatalog_dependencies --output-partial-info-plist /Users/runner/work/Sensi-Bot-Ios/Sensi-Bot-Ios/ios/build/DerivedData/Build/Intermediates.noindex/SensiBotMax.build/Release-iphoneos/SensiBotMax.build/assetcatalog_generated_info.plist --app-icon AppIcon --compress-pngs --enable-on-demand-resources YES --development-region en --target-device iphone --minimum-deployment-target 15.0 --platform iphoneos --compile /Users/runner/work/Sensi-Bot-Ios/Sensi-Bot-Ios/ios/build/DerivedData/Build/Products/Release-iphoneos/SensiBotMax.app /Users/runner/work/Sensi-Bot-Ios/Sensi-Bot-Ios/ios/SensiBotMax/Assets.xcassets
/* com.apple.actool.compilation-results */
/Users/runner/work/Sensi-Bot-Ios/Sensi-Bot-Ios/ios/build/DerivedData/Build/Intermediates.noindex/SensiBotMax.build/Release-iphoneos/SensiBotMax.build/assetcatalog_generated_info.plist
/Users/runner/work/Sensi-Bot-Ios/Sensi-Bot-Ios/ios/build/DerivedData/Build/Products/Release-iphoneos/SensiBotMax.app/AppIcon60x60@2x.png
/Users/runner/work/Sensi-Bot-Ios/Sensi-Bot-Ios/ios/build/DerivedData/Build/Products/Release-iphoneos/SensiBotMax.app/AppIcon76x76@2x~ipad.png
/Users/runner/work/Sensi-Bot-Ios/Sensi-Bot-Ios/ios/build/DerivedData/Build/Products/Release-iphoneos/SensiBotMax.app/Assets.car


LinkStoryboards (in target 'SensiBotMax' from project 'SensiBotMax')
    cd /Users/runner/work/Sensi-Bot-Ios/Sensi-Bot-Ios/ios
    /Applications/Xcode_16.1.app/Contents/Developer/usr/bin/ibtool --errors --warnings --notices --module SensiBotMax --target-device iphone --minimum-deployment-target 15.0 --output-format human-readable-text --link /Users/runner/work/Sensi-Bot-Ios/Sensi-Bot-Ios/ios/build/DerivedData/Build/Products/Release-iphoneos/SensiBotMax.app /Users/runner/work/Sensi-Bot-Ios/Sensi-Bot-Ios/ios/build/DerivedData/Build/Intermediates.noindex/SensiBotMax.build/Release-iphoneos/SensiBotMax.build/LaunchScreen.storyboardc

SwiftDriver SensiBotMax normal arm64 com.apple.xcode.tools.swift.compiler (in target 'SensiBotMax' from project 'SensiBotMax')
    cd /Users/runner/work/Sensi-Bot-Ios/Sensi-Bot-Ios/ios
    builtin-SwiftDriver -- /Applications/Xcode_16.1.app/Contents/Developer/Toolchains/XcodeDefault.xctoolchain/usr/bin/swiftc -module-name SensiBotMax -O -whole-module-optimization -enforce-exclusivity\=checked @/Users/runner/work/Sensi-Bot-Ios/Sensi-Bot-Ios/ios/build/DerivedData/Build/Intermediates.noindex/SensiBotMax.build/Release-iphoneos/SensiBotMax.build/Objects-normal/arm64/SensiBotMax.SwiftFileList -enable-bare-slash-regex -enable-experimental-feature DebugDescriptionMacro -sdk /Applications/Xcode_16.1.app/Contents/Developer/Platforms/iPhoneOS.platform/Developer/SDKs/iPhoneOS18.1.sdk -target arm64-apple-ios15.0 -g -module-cache-path /Users/runner/work/Sensi-Bot-Ios/Sensi-Bot-Ios/ios/build/DerivedData/ModuleCache.noindex -Xfrontend -serialize-debugging-options -swift-version 5 -I /Users/runner/work/Sensi-Bot-Ios/Sensi-Bot-Ios/ios/build/DerivedData/Build/Products/Release-iphoneos -F /Users/runner/work/Sensi-Bot-Ios/Sensi-Bot-Ios/ios/build/DerivedData/Build/Products/Release-iphoneos -c -num-threads 3 -Xcc -ivfsstatcache -Xcc /Users/runner/work/Sensi-Bot-Ios/Sensi-Bot-Ios/ios/build/DerivedData/SDKStatCaches.noindex/iphoneos18.1-22B74-a5999746ac4ace560a5a822e68842f47.sdkstatcache -output-file-map /Users/runner/work/Sensi-Bot-Ios/Sensi-Bot-Ios/ios/build/DerivedData/Build/Intermediates.noindex/SensiBotMax.build/Release-iphoneos/SensiBotMax.build/Objects-normal/arm64/SensiBotMax-OutputFileMap.json -use-frontend-parseable-output -save-temps -no-color-diagnostics -serialize-diagnostics -emit-dependencies -emit-module -emit-module-path /Users/runner/work/Sensi-Bot-Ios/Sensi-Bot-Ios/ios/build/DerivedData/Build/Intermediates.noindex/SensiBotMax.build/Release-iphoneos/SensiBotMax.build/Objects-normal/arm64/SensiBotMax.swiftmodule -validate-clang-modules-once -clang-build-session-file /Users/runner/work/Sensi-Bot-Ios/Sensi-Bot-Ios/ios/build/DerivedData/ModuleCache.noindex/Session.modulevalidation -Xcc -I/Users/runner/work/Sensi-Bot-Ios/Sensi-Bot-Ios/ios/build/DerivedData/Build/Intermediates.noindex/SensiBotMax.build/Release-iphoneos/SensiBotMax.build/swift-overrides.hmap -emit-const-values -Xfrontend -const-gather-protocols-file -Xfrontend /Users/runner/work/Sensi-Bot-Ios/Sensi-Bot-Ios/ios/build/DerivedData/Build/Intermediates.noindex/SensiBotMax.build/Release-iphoneos/SensiBotMax.build/Objects-normal/arm64/SensiBotMax_const_extract_protocols.json -Xcc -iquote -Xcc /Users/runner/work/Sensi-Bot-Ios/Sensi-Bot-Ios/ios/build/DerivedData/Build/Intermediates.noindex/SensiBotMax.build/Release-iphoneos/SensiBotMax.build/SensiBotMax-generated-files.hmap -Xcc -I/Users/runner/work/Sensi-Bot-Ios/Sensi-Bot-Ios/ios/build/DerivedData/Build/Intermediates.noindex/SensiBotMax.build/Release-iphoneos/SensiBotMax.build/SensiBotMax-own-target-headers.hmap -Xcc -I/Users/runner/work/Sensi-Bot-Ios/Sensi-Bot-Ios/ios/build/DerivedData/Build/Intermediates.noindex/SensiBotMax.build/Release-iphoneos/SensiBotMax.build/SensiBotMax-all-target-headers.hmap -Xcc -iquote -Xcc /Users/runner/work/Sensi-Bot-Ios/Sensi-Bot-Ios/ios/build/DerivedData/Build/Intermediates.noindex/SensiBotMax.build/Release-iphoneos/SensiBotMax.build/SensiBotMax-project-headers.hmap -Xcc -I/Users/runner/work/Sensi-Bot-Ios/Sensi-Bot-Ios/ios/build/DerivedData/Build/Products/Release-iphoneos/include -Xcc -I/Users/runner/work/Sensi-Bot-Ios/Sensi-Bot-Ios/ios/build/DerivedData/Build/Intermediates.noindex/SensiBotMax.build/Release-iphoneos/SensiBotMax.build/DerivedSources-normal/arm64 -Xcc -I/Users/runner/work/Sensi-Bot-Ios/Sensi-Bot-Ios/ios/build/DerivedData/Build/Intermediates.noindex/SensiBotMax.build/Release-iphoneos/SensiBotMax.build/DerivedSources/arm64 -Xcc -I/Users/runner/work/Sensi-Bot-Ios/Sensi-Bot-Ios/ios/build/DerivedData/Build/Intermediates.noindex/SensiBotMax.build/Release-iphoneos/SensiBotMax.build/DerivedSources -emit-objc-header -emit-objc-header-path /Users/runner/work/Sensi-Bot-Ios/Sensi-Bot-Ios/ios/build/DerivedData/Build/Intermediates.noindex/SensiBotMax.build/Release-iphoneos/SensiBotMax.build/Objects-normal/arm64/SensiBotMax-Swift.h -working-directory /Users/runner/work/Sensi-Bot-Ios/Sensi-Bot-Ios/ios -no-emit-module-separately-wmo

SwiftDriver\ Compilation SensiBotMax normal arm64 com.apple.xcode.tools.swift.compiler (in target 'SensiBotMax' from project 'SensiBotMax')
    cd /Users/runner/work/Sensi-Bot-Ios/Sensi-Bot-Ios/ios
    builtin-Swift-Compilation -- /Applications/Xcode_16.1.app/Contents/Developer/Toolchains/XcodeDefault.xctoolchain/usr/bin/swiftc -module-name SensiBotMax -O -whole-module-optimization -enforce-exclusivity\=checked @/Users/runner/work/Sensi-Bot-Ios/Sensi-Bot-Ios/ios/build/DerivedData/Build/Intermediates.noindex/SensiBotMax.build/Release-iphoneos/SensiBotMax.build/Objects-normal/arm64/SensiBotMax.SwiftFileList -enable-bare-slash-regex -enable-experimental-feature DebugDescriptionMacro -sdk /Applications/Xcode_16.1.app/Contents/Developer/Platforms/iPhoneOS.platform/Developer/SDKs/iPhoneOS18.1.sdk -target arm64-apple-ios15.0 -g -module-cache-path /Users/runner/work/Sensi-Bot-Ios/Sensi-Bot-Ios/ios/build/DerivedData/ModuleCache.noindex -Xfrontend -serialize-debugging-options -swift-version 5 -I /Users/runner/work/Sensi-Bot-Ios/Sensi-Bot-Ios/ios/build/DerivedData/Build/Products/Release-iphoneos -F /Users/runner/work/Sensi-Bot-Ios/Sensi-Bot-Ios/ios/build/DerivedData/Build/Products/Release-iphoneos -c -num-threads 3 -Xcc -ivfsstatcache -Xcc /Users/runner/work/Sensi-Bot-Ios/Sensi-Bot-Ios/ios/build/DerivedData/SDKStatCaches.noindex/iphoneos18.1-22B74-a5999746ac4ace560a5a822e68842f47.sdkstatcache -output-file-map /Users/runner/work/Sensi-Bot-Ios/Sensi-Bot-Ios/ios/build/DerivedData/Build/Intermediates.noindex/SensiBotMax.build/Release-iphoneos/SensiBotMax.build/Objects-normal/arm64/SensiBotMax-OutputFileMap.json -use-frontend-parseable-output -save-temps -no-color-diagnostics -serialize-diagnostics -emit-dependencies -emit-module -emit-module-path /Users/runner/work/Sensi-Bot-Ios/Sensi-Bot-Ios/ios/build/DerivedData/Build/Intermediates.noindex/SensiBotMax.build/Release-iphoneos/SensiBotMax.build/Objects-normal/arm64/SensiBotMax.swiftmodule -validate-clang-modules-once -clang-build-session-file /Users/runner/work/Sensi-Bot-Ios/Sensi-Bot-Ios/ios/build/DerivedData/ModuleCache.noindex/Session.modulevalidation -Xcc -I/Users/runner/work/Sensi-Bot-Ios/Sensi-Bot-Ios/ios/build/DerivedData/Build/Intermediates.noindex/SensiBotMax.build/Release-iphoneos/SensiBotMax.build/swift-overrides.hmap -emit-const-values -Xfrontend -const-gather-protocols-file -Xfrontend /Users/runner/work/Sensi-Bot-Ios/Sensi-Bot-Ios/ios/build/DerivedData/Build/Intermediates.noindex/SensiBotMax.build/Release-iphoneos/SensiBotMax.build/Objects-normal/arm64/SensiBotMax_const_extract_protocols.json -Xcc -iquote -Xcc /Users/runner/work/Sensi-Bot-Ios/Sensi-Bot-Ios/ios/build/DerivedData/Build/Intermediates.noindex/SensiBotMax.build/Release-iphoneos/SensiBotMax.build/SensiBotMax-generated-files.hmap -Xcc -I/Users/runner/work/Sensi-Bot-Ios/Sensi-Bot-Ios/ios/build/DerivedData/Build/Intermediates.noindex/SensiBotMax.build/Release-iphoneos/SensiBotMax.build/SensiBotMax-own-target-headers.hmap -Xcc -I/Users/runner/work/Sensi-Bot-Ios/Sensi-Bot-Ios/ios/build/DerivedData/Build/Intermediates.noindex/SensiBotMax.build/Release-iphoneos/SensiBotMax.build/SensiBotMax-all-target-headers.hmap -Xcc -iquote -Xcc /Users/runner/work/Sensi-Bot-Ios/Sensi-Bot-Ios/ios/build/DerivedData/Build/Intermediates.noindex/SensiBotMax.build/Release-iphoneos/SensiBotMax.build/SensiBotMax-project-headers.hmap -Xcc -I/Users/runner/work/Sensi-Bot-Ios/Sensi-Bot-Ios/ios/build/DerivedData/Build/Products/Release-iphoneos/include -Xcc -I/Users/runner/work/Sensi-Bot-Ios/Sensi-Bot-Ios/ios/build/DerivedData/Build/Intermediates.noindex/SensiBotMax.build/Release-iphoneos/SensiBotMax.build/DerivedSources-normal/arm64 -Xcc -I/Users/runner/work/Sensi-Bot-Ios/Sensi-Bot-Ios/ios/build/DerivedData/Build/Intermediates.noindex/SensiBotMax.build/Release-iphoneos/SensiBotMax.build/DerivedSources/arm64 -Xcc -I/Users/runner/work/Sensi-Bot-Ios/Sensi-Bot-Ios/ios/build/DerivedData/Build/Intermediates.noindex/SensiBotMax.build/Release-iphoneos/SensiBotMax.build/DerivedSources -emit-objc-header -emit-objc-header-path /Users/runner/work/Sensi-Bot-Ios/Sensi-Bot-Ios/ios/build/DerivedData/Build/Intermediates.noindex/SensiBotMax.build/Release-iphoneos/SensiBotMax.build/Objects-normal/arm64/SensiBotMax-Swift.h -working-directory /Users/runner/work/Sensi-Bot-Ios/Sensi-Bot-Ios/ios -no-emit-module-separately-wmo

SwiftCompile normal arm64 Compiling\ ColorTheme.swift,\ FeedbackTunerCard.swift,\ FloatingMenuManager.swift,\ FloatingTargetingSilhouetteView.swift,\ HomeView.swift,\ IOSSensitivityEngine.swift,\ LicenseGateView.swift,\ LicenseManager.swift,\ LicenseView.swift,\ MainTabView.swift,\ PipOverlayManager.swift,\ PipOverlayView.swift,\ PipVideoGenerator.swift,\ ProfileView.swift,\ SensiBotMaxApp.swift,\ SensiBotView.swift,\ SensiChatEngine.swift,\ SensiFinderView.swift,\ SensiLogoView.swift,\ SensitivityDisplayCard.swift,\ SupabaseConfig.swift,\ SupportView.swift,\ TouchRateProbeCard.swift,\ TouchVelocityLabView.swift,\ GeneratedAssetSymbols.swift /Users/runner/work/Sensi-Bot-Ios/Sensi-Bot-Ios/ios/SensiBotMax/Theme/ColorTheme.swift /Users/runner/work/Sensi-Bot-Ios/Sensi-Bot-Ios/ios/SensiBotMax/Views/FeedbackTunerCard.swift /Users/runner/work/Sensi-Bot-Ios/Sensi-Bot-Ios/ios/SensiBotMax/Core/FloatingMenuManager.swift /Users/runner/work/Sensi-Bot-Ios/Sensi-Bot-Ios/ios/SensiBotMax/Views/FloatingTargetingSilhouetteView.swift /Users/runner/work/Sensi-Bot-Ios/Sensi-Bot-Ios/ios/SensiBotMax/Views/HomeView.swift /Users/runner/work/Sensi-Bot-Ios/Sensi-Bot-Ios/ios/SensiBotMax/Core/IOSSensitivityEngine.swift /Users/runner/work/Sensi-Bot-Ios/Sensi-Bot-Ios/ios/SensiBotMax/Views/LicenseGateView.swift /Users/runner/work/Sensi-Bot-Ios/Sensi-Bot-Ios/ios/SensiBotMax/Core/LicenseManager.swift /Users/runner/work/Sensi-Bot-Ios/Sensi-Bot-Ios/ios/SensiBotMax/Views/LicenseView.swift /Users/runner/work/Sensi-Bot-Ios/Sensi-Bot-Ios/ios/SensiBotMax/Views/MainTabView.swift /Users/runner/work/Sensi-Bot-Ios/Sensi-Bot-Ios/ios/SensiBotMax/Core/PipOverlayManager.swift /Users/runner/work/Sensi-Bot-Ios/Sensi-Bot-Ios/ios/SensiBotMax/Views/PipOverlayView.swift /Users/runner/work/Sensi-Bot-Ios/Sensi-Bot-Ios/ios/SensiBotMax/Core/PipVideoGenerator.swift /Users/runner/work/Sensi-Bot-Ios/Sensi-Bot-Ios/ios/SensiBotMax/Views/ProfileView.swift /Users/runner/work/Sensi-Bot-Ios/Sensi-Bot-Ios/ios/SensiBotMax/App/SensiBotMaxApp.swift /Users/runner/work/Sensi-Bot-Ios/Sensi-Bot-Ios/ios/SensiBotMax/Views/SensiBotView.swift /Users/runner/work/Sensi-Bot-Ios/Sensi-Bot-Ios/ios/SensiBotMax/Core/SensiChatEngine.swift /Users/runner/work/Sensi-Bot-Ios/Sensi-Bot-Ios/ios/SensiBotMax/Views/SensiFinderView.swift /Users/runner/work/Sensi-Bot-Ios/Sensi-Bot-Ios/ios/SensiBotMax/Views/SensiLogoView.swift /Users/runner/work/Sensi-Bot-Ios/Sensi-Bot-Ios/ios/SensiBotMax/Views/SensitivityDisplayCard.swift /Users/runner/work/Sensi-Bot-Ios/Sensi-Bot-Ios/ios/SensiBotMax/Core/SupabaseConfig.swift /Users/runner/work/Sensi-Bot-Ios/Sensi-Bot-Ios/ios/SensiBotMax/Views/SupportView.swift /Users/runner/work/Sensi-Bot-Ios/Sensi-Bot-Ios/ios/SensiBotMax/Views/TouchRateProbeCard.swift /Users/runner/work/Sensi-Bot-Ios/Sensi-Bot-Ios/ios/SensiBotMax/Views/TouchVelocityLabView.swift /Users/runner/work/Sensi-Bot-Ios/Sensi-Bot-Ios/ios/build/DerivedData/Build/Intermediates.noindex/SensiBotMax.build/Release-iphoneos/SensiBotMax.build/DerivedSources/GeneratedAssetSymbols.swift (in target 'SensiBotMax' from project 'SensiBotMax')
    cd /Users/runner/work/Sensi-Bot-Ios/Sensi-Bot-Ios/ios
    builtin-swiftTaskExecution -- /Applications/Xcode_16.1.app/Contents/Developer/Toolchains/XcodeDefault.xctoolchain/usr/bin/swift-frontend -frontend -c /Users/runner/work/Sensi-Bot-Ios/Sensi-Bot-Ios/ios/SensiBotMax/Theme/ColorTheme.swift /Users/runner/work/Sensi-Bot-Ios/Sensi-Bot-Ios/ios/SensiBotMax/Views/FeedbackTunerCard.swift /Users/runner/work/Sensi-Bot-Ios/Sensi-Bot-Ios/ios/SensiBotMax/Core/FloatingMenuManager.swift /Users/runner/work/Sensi-Bot-Ios/Sensi-Bot-Ios/ios/SensiBotMax/Views/FloatingTargetingSilhouetteView.swift /Users/runner/work/Sensi-Bot-Ios/Sensi-Bot-Ios/ios/SensiBotMax/Views/HomeView.swift /Users/runner/work/Sensi-Bot-Ios/Sensi-Bot-Ios/ios/SensiBotMax/Core/IOSSensitivityEngine.swift /Users/runner/work/Sensi-Bot-Ios/Sensi-Bot-Ios/ios/SensiBotMax/Views/LicenseGateView.swift /Users/runner/work/Sensi-Bot-Ios/Sensi-Bot-Ios/ios/SensiBotMax/Core/LicenseManager.swift /Users/runner/work/Sensi-Bot-Ios/Sensi-Bot-Ios/ios/SensiBotMax/Views/LicenseView.swift /Users/runner/work/Sensi-Bot-Ios/Sensi-Bot-Ios/ios/SensiBotMax/Views/MainTabView.swift /Users/runner/work/Sensi-Bot-Ios/Sensi-Bot-Ios/ios/SensiBotMax/Core/PipOverlayManager.swift /Users/runner/work/Sensi-Bot-Ios/Sensi-Bot-Ios/ios/SensiBotMax/Views/PipOverlayView.swift /Users/runner/work/Sensi-Bot-Ios/Sensi-Bot-Ios/ios/SensiBotMax/Core/PipVideoGenerator.swift /Users/runner/work/Sensi-Bot-Ios/Sensi-Bot-Ios/ios/SensiBotMax/Views/ProfileView.swift /Users/runner/work/Sensi-Bot-Ios/Sensi-Bot-Ios/ios/SensiBotMax/App/SensiBotMaxApp.swift /Users/runner/work/Sensi-Bot-Ios/Sensi-Bot-Ios/ios/SensiBotMax/Views/SensiBotView.swift /Users/runner/work/Sensi-Bot-Ios/Sensi-Bot-Ios/ios/SensiBotMax/Core/SensiChatEngine.swift /Users/runner/work/Sensi-Bot-Ios/Sensi-Bot-Ios/ios/SensiBotMax/Views/SensiFinderView.swift /Users/runner/work/Sensi-Bot-Ios/Sensi-Bot-Ios/ios/SensiBotMax/Views/SensiLogoView.swift /Users/runner/work/Sensi-Bot-Ios/Sensi-Bot-Ios/ios/SensiBotMax/Views/SensitivityDisplayCard.swift /Users/runner/work/Sensi-Bot-Ios/Sensi-Bot-Ios/ios/SensiBotMax/Core/SupabaseConfig.swift /Users/runner/work/Sensi-Bot-Ios/Sensi-Bot-Ios/ios/SensiBotMax/Views/SupportView.swift /Users/runner/work/Sensi-Bot-Ios/Sensi-Bot-Ios/ios/SensiBotMax/Views/TouchRateProbeCard.swift /Users/runner/work/Sensi-Bot-Ios/Sensi-Bot-Ios/ios/SensiBotMax/Views/TouchVelocityLabView.swift /Users/runner/work/Sensi-Bot-Ios/Sensi-Bot-Ios/ios/build/DerivedData/Build/Intermediates.noindex/SensiBotMax.build/Release-iphoneos/SensiBotMax.build/DerivedSources/GeneratedAssetSymbols.swift -supplementary-output-file-map /Users/runner/work/Sensi-Bot-Ios/Sensi-Bot-Ios/ios/build/DerivedData/Build/Intermediates.noindex/SensiBotMax.build/Release-iphoneos/SensiBotMax.build/Objects-normal/arm64/supplementaryOutputs-1 -target arm64-apple-ios15.0 -Xllvm -aarch64-use-tbi -enable-objc-interop -stack-check -sdk /Applications/Xcode_16.1.app/Contents/Developer/Platforms/iPhoneOS.platform/Developer/SDKs/iPhoneOS18.1.sdk -I /Users/runner/work/Sensi-Bot-Ios/Sensi-Bot-Ios/ios/build/DerivedData/Build/Products/Release-iphoneos -F /Users/runner/work/Sensi-Bot-Ios/Sensi-Bot-Ios/ios/build/DerivedData/Build/Products/Release-iphoneos -no-color-diagnostics -g -debug-info-format\=dwarf -dwarf-version\=4 -module-cache-path /Users/runner/work/Sensi-Bot-Ios/Sensi-Bot-Ios/ios/build/DerivedData/ModuleCache.noindex -swift-version 5 -enforce-exclusivity\=checked -O -serialize-debugging-options -const-gather-protocols-file /Users/runner/work/Sensi-Bot-Ios/Sensi-Bot-Ios/ios/build/DerivedData/Build/Intermediates.noindex/SensiBotMax.build/Release-iphoneos/SensiBotMax.build/Objects-normal/arm64/SensiBotMax_const_extract_protocols.json -enable-experimental-feature DebugDescriptionMacro -enable-bare-slash-regex -empty-abi-descriptor -validate-clang-modules-once -clang-build-session-file /Users/runner/work/Sensi-Bot-Ios/Sensi-Bot-Ios/ios/build/DerivedData/ModuleCache.noindex/Session.modulevalidation -Xcc -working-directory -Xcc /Users/runner/work/Sensi-Bot-Ios/Sensi-Bot-Ios/ios -resource-dir /Applications/Xcode_16.1.app/Contents/Developer/Toolchains/XcodeDefault.xctoolchain/usr/lib/swift -file-compilation-dir /Users/runner/work/Sensi-Bot-Ios/Sensi-Bot-Ios/ios -Xcc -ivfsstatcache -Xcc /Users/runner/work/Sensi-Bot-Ios/Sensi-Bot-Ios/ios/build/DerivedData/SDKStatCaches.noindex/iphoneos18.1-22B74-a5999746ac4ace560a5a822e68842f47.sdkstatcache -Xcc -I/Users/runner/work/Sensi-Bot-Ios/Sensi-Bot-Ios/ios/build/DerivedData/Build/Intermediates.noindex/SensiBotMax.build/Release-iphoneos/SensiBotMax.build/swift-overrides.hmap -Xcc -iquote -Xcc /Users/runner/work/Sensi-Bot-Ios/Sensi-Bot-Ios/ios/build/DerivedData/Build/Intermediates.noindex/SensiBotMax.build/Release-iphoneos/SensiBotMax.build/SensiBotMax-generated-files.hmap -Xcc -I/Users/runner/work/Sensi-Bot-Ios/Sensi-Bot-Ios/ios/build/DerivedData/Build/Intermediates.noindex/SensiBotMax.build/Release-iphoneos/SensiBotMax.build/SensiBotMax-own-target-headers.hmap -Xcc -I/Users/runner/work/Sensi-Bot-Ios/Sensi-Bot-Ios/ios/build/DerivedData/Build/Intermediates.noindex/SensiBotMax.build/Release-iphoneos/SensiBotMax.build/SensiBotMax-all-target-headers.hmap -Xcc -iquote -Xcc /Users/runner/work/Sensi-Bot-Ios/Sensi-Bot-Ios/ios/build/DerivedData/Build/Intermediates.noindex/SensiBotMax.build/Release-iphoneos/SensiBotMax.build/SensiBotMax-project-headers.hmap -Xcc -I/Users/runner/work/Sensi-Bot-Ios/Sensi-Bot-Ios/ios/build/DerivedData/Build/Products/Release-iphoneos/include -Xcc -I/Users/runner/work/Sensi-Bot-Ios/Sensi-Bot-Ios/ios/build/DerivedData/Build/Intermediates.noindex/SensiBotMax.build/Release-iphoneos/SensiBotMax.build/DerivedSources-normal/arm64 -Xcc -I/Users/runner/work/Sensi-Bot-Ios/Sensi-Bot-Ios/ios/build/DerivedData/Build/Intermediates.noindex/SensiBotMax.build/Release-iphoneos/SensiBotMax.build/DerivedSources/arm64 -Xcc -I/Users/runner/work/Sensi-Bot-Ios/Sensi-Bot-Ios/ios/build/DerivedData/Build/Intermediates.noindex/SensiBotMax.build/Release-iphoneos/SensiBotMax.build/DerivedSources -module-name SensiBotMax -frontend-parseable-output -disable-clang-spi -target-sdk-version 18.1 -target-sdk-name iphoneos18.1 -external-plugin-path /Applications/Xcode_16.1.app/Contents/Developer/Platforms/iPhoneOS.platform/Developer/usr/lib/swift/host/plugins\#/Applications/Xcode_16.1.app/Contents/Developer/Platforms/iPhoneOS.platform/Developer/usr/bin/swift-plugin-server -external-plugin-path /Applications/Xcode_16.1.app/Contents/Developer/Platforms/iPhoneOS.platform/Developer/usr/local/lib/swift/host/plugins\#/Applications/Xcode_16.1.app/Contents/Developer/Platforms/iPhoneOS.platform/Developer/usr/bin/swift-plugin-server -plugin-path /Applications/Xcode_16.1.app/Contents/Developer/Toolchains/XcodeDefault.xctoolchain/usr/lib/swift/host/plugins -plugin-path /Applications/Xcode_16.1.app/Contents/Developer/Toolchains/XcodeDefault.xctoolchain/usr/local/lib/swift/host/plugins -enable-default-cmo -num-threads 3 -o /Users/runner/work/Sensi-Bot-Ios/Sensi-Bot-Ios/ios/build/DerivedData/Build/Intermediates.noindex/SensiBotMax.build/Release-iphoneos/SensiBotMax.build/Objects-normal/arm64/ColorTheme.o -o /Users/runner/work/Sensi-Bot-Ios/Sensi-Bot-Ios/ios/build/DerivedData/Build/Intermediates.noindex/SensiBotMax.build/Release-iphoneos/SensiBotMax.build/Objects-normal/arm64/FeedbackTunerCard.o -o /Users/runner/work/Sensi-Bot-Ios/Sensi-Bot-Ios/ios/build/DerivedData/Build/Intermediates.noindex/SensiBotMax.build/Release-iphoneos/SensiBotMax.build/Objects-normal/arm64/FloatingMenuManager.o -o /Users/runner/work/Sensi-Bot-Ios/Sensi-Bot-Ios/ios/build/DerivedData/Build/Intermediates.noindex/SensiBotMax.build/Release-iphoneos/SensiBotMax.build/Objects-normal/arm64/FloatingTargetingSilhouetteView.o -o /Users/runner/work/Sensi-Bot-Ios/Sensi-Bot-Ios/ios/build/DerivedData/Build/Intermediates.noindex/SensiBotMax.build/Release-iphoneos/SensiBotMax.build/Objects-normal/arm64/HomeView.o -o /Users/runner/work/Sensi-Bot-Ios/Sensi-Bot-Ios/ios/build/DerivedData/Build/Intermediates.noindex/SensiBotMax.build/Release-iphoneos/SensiBotMax.build/Objects-normal/arm64/IOSSensitivityEngine.o -o /Users/runner/work/Sensi-Bot-Ios/Sensi-Bot-Ios/ios/build/DerivedData/Build/Intermediates.noindex/SensiBotMax.build/Release-iphoneos/SensiBotMax.build/Objects-normal/arm64/LicenseGateView.o -o /Users/runner/work/Sensi-Bot-Ios/Sensi-Bot-Ios/ios/build/DerivedData/Build/Intermediates.noindex/SensiBotMax.build/Release-iphoneos/SensiBotMax.build/Objects-normal/arm64/LicenseManager.o -o /Users/runner/work/Sensi-Bot-Ios/Sensi-Bot-Ios/ios/build/DerivedData/Build/Intermediates.noindex/SensiBotMax.build/Release-iphoneos/SensiBotMax.build/Objects-normal/arm64/LicenseView.o -o /Users/runner/work/Sensi-Bot-Ios/Sensi-Bot-Ios/ios/build/DerivedData/Build/Intermediates.noindex/SensiBotMax.build/Release-iphoneos/SensiBotMax.build/Objects-normal/arm64/MainTabView.o -o /Users/runner/work/Sensi-Bot-Ios/Sensi-Bot-Ios/ios/build/DerivedData/Build/Intermediates.noindex/SensiBotMax.build/Release-iphoneos/SensiBotMax.build/Objects-normal/arm64/PipOverlayManager.o -o /Users/runner/work/Sensi-Bot-Ios/Sensi-Bot-Ios/ios/build/DerivedData/Build/Intermediates.noindex/SensiBotMax.build/Release-iphoneos/SensiBotMax.build/Objects-normal/arm64/PipOverlayView.o -o /Users/runner/work/Sensi-Bot-Ios/Sensi-Bot-Ios/ios/build/DerivedData/Build/Intermediates.noindex/SensiBotMax.build/Release-iphoneos/SensiBotMax.build/Objects-normal/arm64/PipVideoGenerator.o -o /Users/runner/work/Sensi-Bot-Ios/Sensi-Bot-Ios/ios/build/DerivedData/Build/Intermediates.noindex/SensiBotMax.build/Release-iphoneos/SensiBotMax.build/Objects-normal/arm64/ProfileView.o -o /Users/runner/work/Sensi-Bot-Ios/Sensi-Bot-Ios/ios/build/DerivedData/Build/Intermediates.noindex/SensiBotMax.build/Release-iphoneos/SensiBotMax.build/Objects-normal/arm64/SensiBotMaxApp.o -o /Users/runner/work/Sensi-Bot-Ios/Sensi-Bot-Ios/ios/build/DerivedData/Build/Intermediates.noindex/SensiBotMax.build/Release-iphoneos/SensiBotMax.build/Objects-normal/arm64/SensiBotView.o -o /Users/runner/work/Sensi-Bot-Ios/Sensi-Bot-Ios/ios/build/DerivedData/Build/Intermediates.noindex/SensiBotMax.build/Release-iphoneos/SensiBotMax.build/Objects-normal/arm64/SensiChatEngine.o -o /Users/runner/work/Sensi-Bot-Ios/Sensi-Bot-Ios/ios/build/DerivedData/Build/Intermediates.noindex/SensiBotMax.build/Release-iphoneos/SensiBotMax.build/Objects-normal/arm64/SensiFinderView.o -o /Users/runner/work/Sensi-Bot-Ios/Sensi-Bot-Ios/ios/build/DerivedData/Build/Intermediates.noindex/SensiBotMax.build/Release-iphoneos/SensiBotMax.build/Objects-normal/arm64/SensiLogoView.o -o /Users/runner/work/Sensi-Bot-Ios/Sensi-Bot-Ios/ios/build/DerivedData/Build/Intermediates.noindex/SensiBotMax.build/Release-iphoneos/SensiBotMax.build/Objects-normal/arm64/SensitivityDisplayCard.o -o /Users/runner/work/Sensi-Bot-Ios/Sensi-Bot-Ios/ios/build/DerivedData/Build/Intermediates.noindex/SensiBotMax.build/Release-iphoneos/SensiBotMax.build/Objects-normal/arm64/SupabaseConfig.o -o /Users/runner/work/Sensi-Bot-Ios/Sensi-Bot-Ios/ios/build/DerivedData/Build/Intermediates.noindex/SensiBotMax.build/Release-iphoneos/SensiBotMax.build/Objects-normal/arm64/SupportView.o -o /Users/runner/work/Sensi-Bot-Ios/Sensi-Bot-Ios/ios/build/DerivedData/Build/Intermediates.noindex/SensiBotMax.build/Release-iphoneos/SensiBotMax.build/Objects-normal/arm64/TouchRateProbeCard.o -o /Users/runner/work/Sensi-Bot-Ios/Sensi-Bot-Ios/ios/build/DerivedData/Build/Intermediates.noindex/SensiBotMax.build/Release-iphoneos/SensiBotMax.build/Objects-normal/arm64/TouchVelocityLabView.o -o /Users/runner/work/Sensi-Bot-Ios/Sensi-Bot-Ios/ios/build/DerivedData/Build/Intermediates.noindex/SensiBotMax.build/Release-iphoneos/SensiBotMax.build/Objects-normal/arm64/GeneratedAssetSymbols.o -index-unit-output-path /SensiBotMax.build/Release-iphoneos/SensiBotMax.build/Objects-normal/arm64/ColorTheme.o -index-unit-output-path /SensiBotMax.build/Release-iphoneos/SensiBotMax.build/Objects-normal/arm64/FeedbackTunerCard.o -index-unit-output-path /SensiBotMax.build/Release-iphoneos/SensiBotMax.build/Objects-normal/arm64/FloatingMenuManager.o -index-unit-output-path /SensiBotMax.build/Release-iphoneos/SensiBotMax.build/Objects-normal/arm64/FloatingTargetingSilhouetteView.o -index-unit-output-path /SensiBotMax.build/Release-iphoneos/SensiBotMax.build/Objects-normal/arm64/HomeView.o -index-unit-output-path /SensiBotMax.build/Release-iphoneos/SensiBotMax.build/Objects-normal/arm64/IOSSensitivityEngine.o -index-unit-output-path /SensiBotMax.build/Release-iphoneos/SensiBotMax.build/Objects-normal/arm64/LicenseGateView.o -index-unit-output-path /SensiBotMax.build/Release-iphoneos/SensiBotMax.build/Objects-normal/arm64/LicenseManager.o -index-unit-output-path /SensiBotMax.build/Release-iphoneos/SensiBotMax.build/Objects-normal/arm64/LicenseView.o -index-unit-output-path /SensiBotMax.build/Release-iphoneos/SensiBotMax.build/Objects-normal/arm64/MainTabView.o -index-unit-output-path /SensiBotMax.build/Release-iphoneos/SensiBotMax.build/Objects-normal/arm64/PipOverlayManager.o -index-unit-output-path /SensiBotMax.build/Release-iphoneos/SensiBotMax.build/Objects-normal/arm64/PipOverlayView.o -index-unit-output-path /SensiBotMax.build/Release-iphoneos/SensiBotMax.build/Objects-normal/arm64/PipVideoGenerator.o -index-unit-output-path /SensiBotMax.build/Release-iphoneos/SensiBotMax.build/Objects-normal/arm64/ProfileView.o -index-unit-output-path /SensiBotMax.build/Release-iphoneos/SensiBotMax.build/Objects-normal/arm64/SensiBotMaxApp.o -index-unit-output-path /SensiBotMax.build/Release-iphoneos/SensiBotMax.build/Objects-normal/arm64/SensiBotView.o -index-unit-output-path /SensiBotMax.build/Release-iphoneos/SensiBotMax.build/Objects-normal/arm64/SensiChatEngine.o -index-unit-output-path /SensiBotMax.build/Release-iphoneos/SensiBotMax.build/Objects-normal/arm64/SensiFinderView.o -index-unit-output-path /SensiBotMax.build/Release-iphoneos/SensiBotMax.build/Objects-normal/arm64/SensiLogoView.o -index-unit-output-path /SensiBotMax.build/Release-iphoneos/SensiBotMax.build/Objects-normal/arm64/SensitivityDisplayCard.o -index-unit-output-path /SensiBotMax.build/Release-iphoneos/SensiBotMax.build/Objects-normal/arm64/SupabaseConfig.o -index-unit-output-path /SensiBotMax.build/Release-iphoneos/SensiBotMax.build/Objects-normal/arm64/SupportView.o -index-unit-output-path /SensiBotMax.build/Release-iphoneos/SensiBotMax.build/Objects-normal/arm64/TouchRateProbeCard.o -index-unit-output-path /SensiBotMax.build/Release-iphoneos/SensiBotMax.build/Objects-normal/arm64/TouchVelocityLabView.o -index-unit-output-path /SensiBotMax.build/Release-iphoneos/SensiBotMax.build/Objects-normal/arm64/GeneratedAssetSymbols.o
CompileSwift normal arm64 (in target 'SensiBotMax' from project 'SensiBotMax')
    cd /Users/runner/work/Sensi-Bot-Ios/Sensi-Bot-Ios/ios
    /Applications/Xcode_16.1.app/Contents/Developer/Toolchains/XcodeDefault.xctoolchain/usr/bin/swift-frontend -c /Users/runner/work/Sensi-Bot-Ios/Sensi-Bot-Ios/ios/SensiBotMax/Theme/ColorTheme.swift /Users/runner/work/Sensi-Bot-Ios/Sensi-Bot-Ios/ios/SensiBotMax/Views/FeedbackTunerCard.swift /Users/runner/work/Sensi-Bot-Ios/Sensi-Bot-Ios/ios/SensiBotMax/Core/FloatingMenuManager.swift /Users/runner/work/Sensi-Bot-Ios/Sensi-Bot-Ios/ios/SensiBotMax/Views/FloatingTargetingSilhouetteView.swift /Users/runner/work/Sensi-Bot-Ios/Sensi-Bot-Ios/ios/SensiBotMax/Views/HomeView.swift /Users/runner/work/Sensi-Bot-Ios/Sensi-Bot-Ios/ios/SensiBotMax/Core/IOSSensitivityEngine.swift /Users/runner/work/Sensi-Bot-Ios/Sensi-Bot-Ios/ios/SensiBotMax/Views/LicenseGateView.swift /Users/runner/work/Sensi-Bot-Ios/Sensi-Bot-Ios/ios/SensiBotMax/Core/LicenseManager.swift /Users/runner/work/Sensi-Bot-Ios/Sensi-Bot-Ios/ios/SensiBotMax/Views/LicenseView.swift /Users/runner/work/Sensi-Bot-Ios/Sensi-Bot-Ios/ios/SensiBotMax/Views/MainTabView.swift /Users/runner/work/Sensi-Bot-Ios/Sensi-Bot-Ios/ios/SensiBotMax/Core/PipOverlayManager.swift /Users/runner/work/Sensi-Bot-Ios/Sensi-Bot-Ios/ios/SensiBotMax/Views/PipOverlayView.swift /Users/runner/work/Sensi-Bot-Ios/Sensi-Bot-Ios/ios/SensiBotMax/Core/PipVideoGenerator.swift /Users/runner/work/Sensi-Bot-Ios/Sensi-Bot-Ios/ios/SensiBotMax/Views/ProfileView.swift /Users/runner/work/Sensi-Bot-Ios/Sensi-Bot-Ios/ios/SensiBotMax/App/SensiBotMaxApp.swift /Users/runner/work/Sensi-Bot-Ios/Sensi-Bot-Ios/ios/SensiBotMax/Views/SensiBotView.swift /Users/runner/work/Sensi-Bot-Ios/Sensi-Bot-Ios/ios/SensiBotMax/Core/SensiChatEngine.swift /Users/runner/work/Sensi-Bot-Ios/Sensi-Bot-Ios/ios/SensiBotMax/Views/SensiFinderView.swift /Users/runner/work/Sensi-Bot-Ios/Sensi-Bot-Ios/ios/SensiBotMax/Views/SensiLogoView.swift /Users/runner/work/Sensi-Bot-Ios/Sensi-Bot-Ios/ios/SensiBotMax/Views/SensitivityDisplayCard.swift /Users/runner/work/Sensi-Bot-Ios/Sensi-Bot-Ios/ios/SensiBotMax/Core/SupabaseConfig.swift /Users/runner/work/Sensi-Bot-Ios/Sensi-Bot-Ios/ios/SensiBotMax/Views/SupportView.swift /Users/runner/work/Sensi-Bot-Ios/Sensi-Bot-Ios/ios/SensiBotMax/Views/TouchRateProbeCard.swift /Users/runner/work/Sensi-Bot-Ios/Sensi-Bot-Ios/ios/SensiBotMax/Views/TouchVelocityLabView.swift /Users/runner/work/Sensi-Bot-Ios/Sensi-Bot-Ios/ios/build/DerivedData/Build/Intermediates.noindex/SensiBotMax.build/Release-iphoneos/SensiBotMax.build/DerivedSources/GeneratedAssetSymbols.swift -supplementary-output-file-map /Users/runner/work/Sensi-Bot-Ios/Sensi-Bot-Ios/ios/build/DerivedData/Build/Intermediates.noindex/SensiBotMax.build/Release-iphoneos/SensiBotMax.build/Objects-normal/arm64/supplementaryOutputs-1 -target arm64-apple-ios15.0 -Xllvm -aarch64-use-tbi -enable-objc-interop -stack-check -sdk /Applications/Xcode_16.1.app/Contents/Developer/Platforms/iPhoneOS.platform/Developer/SDKs/iPhoneOS18.1.sdk -I /Users/runner/work/Sensi-Bot-Ios/Sensi-Bot-Ios/ios/build/DerivedData/Build/Products/Release-iphoneos -F /Users/runner/work/Sensi-Bot-Ios/Sensi-Bot-Ios/ios/build/DerivedData/Build/Products/Release-iphoneos -no-color-diagnostics -g -debug-info-format\=dwarf -dwarf-version\=4 -module-cache-path /Users/runner/work/Sensi-Bot-Ios/Sensi-Bot-Ios/ios/build/DerivedData/ModuleCache.noindex -swift-version 5 -enforce-exclusivity\=checked -O -serialize-debugging-options -const-gather-protocols-file /Users/runner/work/Sensi-Bot-Ios/Sensi-Bot-Ios/ios/build/DerivedData/Build/Intermediates.noindex/SensiBotMax.build/Release-iphoneos/SensiBotMax.build/Objects-normal/arm64/SensiBotMax_const_extract_protocols.json -enable-experimental-feature DebugDescriptionMacro -enable-bare-slash-regex -empty-abi-descriptor -validate-clang-modules-once -clang-build-session-file /Users/runner/work/Sensi-Bot-Ios/Sensi-Bot-Ios/ios/build/DerivedData/ModuleCache.noindex/Session.modulevalidation -Xcc -working-directory -Xcc /Users/runner/work/Sensi-Bot-Ios/Sensi-Bot-Ios/ios -resource-dir /Applications/Xcode_16.1.app/Contents/Developer/Toolchains/XcodeDefault.xctoolchain/usr/lib/swift -file-compilation-dir /Users/runner/work/Sensi-Bot-Ios/Sensi-Bot-Ios/ios -Xcc -ivfsstatcache -Xcc /Users/runner/work/Sensi-Bot-Ios/Sensi-Bot-Ios/ios/build/DerivedData/SDKStatCaches.noindex/iphoneos18.1-22B74-a5999746ac4ace560a5a822e68842f47.sdkstatcache -Xcc -I/Users/runner/work/Sensi-Bot-Ios/Sensi-Bot-Ios/ios/build/DerivedData/Build/Intermediates.noindex/SensiBotMax.build/Release-iphoneos/SensiBotMax.build/swift-overrides.hmap -Xcc -iquote -Xcc /Users/runner/work/Sensi-Bot-Ios/Sensi-Bot-Ios/ios/build/DerivedData/Build/Intermediates.noindex/SensiBotMax.build/Release-iphoneos/SensiBotMax.build/SensiBotMax-generated-files.hmap -Xcc -I/Users/runner/work/Sensi-Bot-Ios/Sensi-Bot-Ios/ios/build/DerivedData/Build/Intermediates.noindex/SensiBotMax.build/Release-iphoneos/SensiBotMax.build/SensiBotMax-own-target-headers.hmap -Xcc -I/Users/runner/work/Sensi-Bot-Ios/Sensi-Bot-Ios/ios/build/DerivedData/Build/Intermediates.noindex/SensiBotMax.build/Release-iphoneos/SensiBotMax.build/SensiBotMax-all-target-headers.hmap -Xcc -iquote -Xcc /Users/runner/work/Sensi-Bot-Ios/Sensi-Bot-Ios/ios/build/DerivedData/Build/Intermediates.noindex/SensiBotMax.build/Release-iphoneos/SensiBotMax.build/SensiBotMax-project-headers.hmap -Xcc -I/Users/runner/work/Sensi-Bot-Ios/Sensi-Bot-Ios/ios/build/DerivedData/Build/Products/Release-iphoneos/include -Xcc -I/Users/runner/work/Sensi-Bot-Ios/Sensi-Bot-Ios/ios/build/DerivedData/Build/Intermediates.noindex/SensiBotMax.build/Release-iphoneos/SensiBotMax.build/DerivedSources-normal/arm64 -Xcc -I/Users/runner/work/Sensi-Bot-Ios/Sensi-Bot-Ios/ios/build/DerivedData/Build/Intermediates.noindex/SensiBotMax.build/Release-iphoneos/SensiBotMax.build/DerivedSources/arm64 -Xcc -I/Users/runner/work/Sensi-Bot-Ios/Sensi-Bot-Ios/ios/build/DerivedData/Build/Intermediates.noindex/SensiBotMax.build/Release-iphoneos/SensiBotMax.build/DerivedSources -module-name SensiBotMax -frontend-parseable-output -disable-clang-spi -target-sdk-version 18.1 -target-sdk-name iphoneos18.1 -external-plugin-path /Applications/Xcode_16.1.app/Contents/Developer/Platforms/iPhoneOS.platform/Developer/usr/lib/swift/host/plugins\#/Applications/Xcode_16.1.app/Contents/Developer/Platforms/iPhoneOS.platform/Developer/usr/bin/swift-plugin-server -external-plugin-path /Applications/Xcode_16.1.app/Contents/Developer/Platforms/iPhoneOS.platform/Developer/usr/local/lib/swift/host/plugins\#/Applications/Xcode_16.1.app/Contents/Developer/Platforms/iPhoneOS.platform/Developer/usr/bin/swift-plugin-server -plugin-path /Applications/Xcode_16.1.app/Contents/Developer/Toolchains/XcodeDefault.xctoolchain/usr/lib/swift/host/plugins -plugin-path /Applications/Xcode_16.1.app/Contents/Developer/Toolchains/XcodeDefault.xctoolchain/usr/local/lib/swift/host/plugins -enable-default-cmo -num-threads 3 -o /Users/runner/work/Sensi-Bot-Ios/Sensi-Bot-Ios/ios/build/DerivedData/Build/Intermediates.noindex/SensiBotMax.build/Release-iphoneos/SensiBotMax.build/Objects-normal/arm64/ColorTheme.o -o /Users/runner/work/Sensi-Bot-Ios/Sensi-Bot-Ios/ios/build/DerivedData/Build/Intermediates.noindex/SensiBotMax.build/Release-iphoneos/SensiBotMax.build/Objects-normal/arm64/FeedbackTunerCard.o -o /Users/runner/work/Sensi-Bot-Ios/Sensi-Bot-Ios/ios/build/DerivedData/Build/Intermediates.noindex/SensiBotMax.build/Release-iphoneos/SensiBotMax.build/Objects-normal/arm64/FloatingMenuManager.o -o /Users/runner/work/Sensi-Bot-Ios/Sensi-Bot-Ios/ios/build/DerivedData/Build/Intermediates.noindex/SensiBotMax.build/Release-iphoneos/SensiBotMax.build/Objects-normal/arm64/FloatingTargetingSilhouetteView.o -o /Users/runner/work/Sensi-Bot-Ios/Sensi-Bot-Ios/ios/build/DerivedData/Build/Intermediates.noindex/SensiBotMax.build/Release-iphoneos/SensiBotMax.build/Objects-normal/arm64/HomeView.o -o /Users/runner/work/Sensi-Bot-Ios/Sensi-Bot-Ios/ios/build/DerivedData/Build/Intermediates.noindex/SensiBotMax.build/Release-iphoneos/SensiBotMax.build/Objects-normal/arm64/IOSSensitivityEngine.o -o /Users/runner/work/Sensi-Bot-Ios/Sensi-Bot-Ios/ios/build/DerivedData/Build/Intermediates.noindex/SensiBotMax.build/Release-iphoneos/SensiBotMax.build/Objects-normal/arm64/LicenseGateView.o -o /Users/runner/work/Sensi-Bot-Ios/Sensi-Bot-Ios/ios/build/DerivedData/Build/Intermediates.noindex/SensiBotMax.build/Release-iphoneos/SensiBotMax.build/Objects-normal/arm64/LicenseManager.o -o /Users/runner/work/Sensi-Bot-Ios/Sensi-Bot-Ios/ios/build/DerivedData/Build/Intermediates.noindex/SensiBotMax.build/Release-iphoneos/SensiBotMax.build/Objects-normal/arm64/LicenseView.o -o /Users/runner/work/Sensi-Bot-Ios/Sensi-Bot-Ios/ios/build/DerivedData/Build/Intermediates.noindex/SensiBotMax.build/Release-iphoneos/SensiBotMax.build/Objects-normal/arm64/MainTabView.o -o /Users/runner/work/Sensi-Bot-Ios/Sensi-Bot-Ios/ios/build/DerivedData/Build/Intermediates.noindex/SensiBotMax.build/Release-iphoneos/SensiBotMax.build/Objects-normal/arm64/PipOverlayManager.o -o /Users/runner/work/Sensi-Bot-Ios/Sensi-Bot-Ios/ios/build/DerivedData/Build/Intermediates.noindex/SensiBotMax.build/Release-iphoneos/SensiBotMax.build/Objects-normal/arm64/PipOverlayView.o -o /Users/runner/work/Sensi-Bot-Ios/Sensi-Bot-Ios/ios/build/DerivedData/Build/Intermediates.noindex/SensiBotMax.build/Release-iphoneos/SensiBotMax.build/Objects-normal/arm64/PipVideoGenerator.o -o /Users/runner/work/Sensi-Bot-Ios/Sensi-Bot-Ios/ios/build/DerivedData/Build/Intermediates.noindex/SensiBotMax.build/Release-iphoneos/SensiBotMax.build/Objects-normal/arm64/ProfileView.o -o /Users/runner/work/Sensi-Bot-Ios/Sensi-Bot-Ios/ios/build/DerivedData/Build/Intermediates.noindex/SensiBotMax.build/Release-iphoneos/SensiBotMax.build/Objects-normal/arm64/SensiBotMaxApp.o -o /Users/runner/work/Sensi-Bot-Ios/Sensi-Bot-Ios/ios/build/DerivedData/Build/Intermediates.noindex/SensiBotMax.build/Release-iphoneos/SensiBotMax.build/Objects-normal/arm64/SensiBotView.o -o /Users/runner/work/Sensi-Bot-Ios/Sensi-Bot-Ios/ios/build/DerivedData/Build/Intermediates.noindex/SensiBotMax.build/Release-iphoneos/SensiBotMax.build/Objects-normal/arm64/SensiChatEngine.o -o /Users/runner/work/Sensi-Bot-Ios/Sensi-Bot-Ios/ios/build/DerivedData/Build/Intermediates.noindex/SensiBotMax.build/Release-iphoneos/SensiBotMax.build/Objects-normal/arm64/SensiFinderView.o -o /Users/runner/work/Sensi-Bot-Ios/Sensi-Bot-Ios/ios/build/DerivedData/Build/Intermediates.noindex/SensiBotMax.build/Release-iphoneos/SensiBotMax.build/Objects-normal/arm64/SensiLogoView.o -o /Users/runner/work/Sensi-Bot-Ios/Sensi-Bot-Ios/ios/build/DerivedData/Build/Intermediates.noindex/SensiBotMax.build/Release-iphoneos/SensiBotMax.build/Objects-normal/arm64/SensitivityDisplayCard.o -o /Users/runner/work/Sensi-Bot-Ios/Sensi-Bot-Ios/ios/build/DerivedData/Build/Intermediates.noindex/SensiBotMax.build/Release-iphoneos/SensiBotMax.build/Objects-normal/arm64/SupabaseConfig.o -o /Users/runner/work/Sensi-Bot-Ios/Sensi-Bot-Ios/ios/build/DerivedData/Build/Intermediates.noindex/SensiBotMax.build/Release-iphoneos/SensiBotMax.build/Objects-normal/arm64/SupportView.o -o /Users/runner/work/Sensi-Bot-Ios/Sensi-Bot-Ios/ios/build/DerivedData/Build/Intermediates.noindex/SensiBotMax.build/Release-iphoneos/SensiBotMax.build/Objects-normal/arm64/TouchRateProbeCard.o -o /Users/runner/work/Sensi-Bot-Ios/Sensi-Bot-Ios/ios/build/DerivedData/Build/Intermediates.noindex/SensiBotMax.build/Release-iphoneos/SensiBotMax.build/Objects-normal/arm64/TouchVelocityLabView.o -o /Users/runner/work/Sensi-Bot-Ios/Sensi-Bot-Ios/ios/build/DerivedData/Build/Intermediates.noindex/SensiBotMax.build/Release-iphoneos/SensiBotMax.build/Objects-normal/arm64/GeneratedAssetSymbols.o -index-unit-output-path /SensiBotMax.build/Release-iphoneos/SensiBotMax.build/Objects-normal/arm64/ColorTheme.o -index-unit-output-path /SensiBotMax.build/Release-iphoneos/SensiBotMax.build/Objects-normal/arm64/FeedbackTunerCard.o -index-unit-output-path /SensiBotMax.build/Release-iphoneos/SensiBotMax.build/Objects-normal/arm64/FloatingMenuManager.o -index-unit-output-path /SensiBotMax.build/Release-iphoneos/SensiBotMax.build/Objects-normal/arm64/FloatingTargetingSilhouetteView.o -index-unit-output-path /SensiBotMax.build/Release-iphoneos/SensiBotMax.build/Objects-normal/arm64/HomeView.o -index-unit-output-path /SensiBotMax.build/Release-iphoneos/SensiBotMax.build/Objects-normal/arm64/IOSSensitivityEngine.o -index-unit-output-path /SensiBotMax.build/Release-iphoneos/SensiBotMax.build/Objects-normal/arm64/LicenseGateView.o -index-unit-output-path /SensiBotMax.build/Release-iphoneos/SensiBotMax.build/Objects-normal/arm64/LicenseManager.o -index-unit-output-path /SensiBotMax.build/Release-iphoneos/SensiBotMax.build/Objects-normal/arm64/LicenseView.o -index-unit-output-path /SensiBotMax.build/Release-iphoneos/SensiBotMax.build/Objects-normal/arm64/MainTabView.o -index-unit-output-path /SensiBotMax.build/Release-iphoneos/SensiBotMax.build/Objects-normal/arm64/PipOverlayManager.o -index-unit-output-path /SensiBotMax.build/Release-iphoneos/SensiBotMax.build/Objects-normal/arm64/PipOverlayView.o -index-unit-output-path /SensiBotMax.build/Release-iphoneos/SensiBotMax.build/Objects-normal/arm64/PipVideoGenerator.o -index-unit-output-path /SensiBotMax.build/Release-iphoneos/SensiBotMax.build/Objects-normal/arm64/ProfileView.o -index-unit-output-path /SensiBotMax.build/Release-iphoneos/SensiBotMax.build/Objects-normal/arm64/SensiBotMaxApp.o -index-unit-output-path /SensiBotMax.build/Release-iphoneos/SensiBotMax.build/Objects-normal/arm64/SensiBotView.o -index-unit-output-path /SensiBotMax.build/Release-iphoneos/SensiBotMax.build/Objects-normal/arm64/SensiChatEngine.o -index-unit-output-path /SensiBotMax.build/Release-iphoneos/SensiBotMax.build/Objects-normal/arm64/SensiFinderView.o -index-unit-output-path /SensiBotMax.build/Release-iphoneos/SensiBotMax.build/Objects-normal/arm64/SensiLogoView.o -index-unit-output-path /SensiBotMax.build/Release-iphoneos/SensiBotMax.build/Objects-normal/arm64/SensitivityDisplayCard.o -index-unit-output-path /SensiBotMax.build/Release-iphoneos/SensiBotMax.build/Objects-normal/arm64/SupabaseConfig.o -index-unit-output-path /SensiBotMax.build/Release-iphoneos/SensiBotMax.build/Objects-normal/arm64/SupportView.o -index-unit-output-path /SensiBotMax.build/Release-iphoneos/SensiBotMax.build/Objects-normal/arm64/TouchRateProbeCard.o -index-unit-output-path /SensiBotMax.build/Release-iphoneos/SensiBotMax.build/Objects-normal/arm64/TouchVelocityLabView.o -index-unit-output-path /SensiBotMax.build/Release-iphoneos/SensiBotMax.build/Objects-normal/arm64/GeneratedAssetSymbols.o
/Users/runner/work/Sensi-Bot-Ios/Sensi-Bot-Ios/ios/SensiBotMax/Core/SensiChatEngine.swift:211:84: error: value of type 'IOSDeviceProfile' has no member 'displayDiagonalInches'
                - **Device**: \(deviceProfile.modelMarketingName) (\(deviceProfile.displayDiagonalInches)\" Display)
                                                                     ~~~~~~~~~~~~~ ^~~~~~~~~~~~~~~~~~~~~

ProcessInfoPlistFile /Users/runner/work/Sensi-Bot-Ios/Sensi-Bot-Ios/ios/build/DerivedData/Build/Products/Release-iphoneos/SensiBotMax.app/Info.plist /Users/runner/work/Sensi-Bot-Ios/Sensi-Bot-Ios/ios/SensiBotMax/App/Info.plist (in target 'SensiBotMax' from project 'SensiBotMax')
    cd /Users/runner/work/Sensi-Bot-Ios/Sensi-Bot-Ios/ios
    builtin-infoPlistUtility /Users/runner/work/Sensi-Bot-Ios/Sensi-Bot-Ios/ios/SensiBotMax/App/Info.plist -producttype com.apple.product-type.application -genpkginfo /Users/runner/work/Sensi-Bot-Ios/Sensi-Bot-Ios/ios/build/DerivedData/Build/Products/Release-iphoneos/SensiBotMax.app/PkgInfo -expandbuildsettings -format binary -platform iphoneos -additionalcontentfile /Users/runner/work/Sensi-Bot-Ios/Sensi-Bot-Ios/ios/build/DerivedData/Build/Intermediates.noindex/SensiBotMax.build/Release-iphoneos/SensiBotMax.build/LaunchScreen-SBPartialInfo.plist -additionalcontentfile /Users/runner/work/Sensi-Bot-Ios/Sensi-Bot-Ios/ios/build/DerivedData/Build/Intermediates.noindex/SensiBotMax.build/Release-iphoneos/SensiBotMax.build/assetcatalog_generated_info.plist -requiredArchitecture arm64 -o /Users/runner/work/Sensi-Bot-Ios/Sensi-Bot-Ios/ios/build/DerivedData/Build/Products/Release-iphoneos/SensiBotMax.app/Info.plist

note: Disabling previews because SWIFT_VERSION is set and SWIFT_OPTIMIZATION_LEVEL=-O, expected -Onone (in target 'SensiBotMax' from project 'SensiBotMax')
** BUILD FAILED **


The following build commands failed:
	CompileSwift normal arm64 (in target 'SensiBotMax' from project 'SensiBotMax')
	SwiftCompile normal arm64 Compiling\ ColorTheme.swift,\ FeedbackTunerCard.swift,\ FloatingMenuManager.swift,\ FloatingTargetingSilhouetteView.swift,\ HomeView.swift,\ IOSSensitivityEngine.swift,\ LicenseGateView.swift,\ LicenseManager.swift,\ LicenseView.swift,\ MainTabView.swift,\ PipOverlayManager.swift,\ PipOverlayView.swift,\ PipVideoGenerator.swift,\ ProfileView.swift,\ SensiBotMaxApp.swift,\ SensiBotView.swift,\ SensiChatEngine.swift,\ SensiFinderView.swift,\ SensiLogoView.swift,\ SensitivityDisplayCard.swift,\ SupabaseConfig.swift,\ SupportView.swift,\ TouchRateProbeCard.swift,\ TouchVelocityLabView.swift,\ GeneratedAssetSymbols.swift /Users/runner/work/Sensi-Bot-Ios/Sensi-Bot-Ios/ios/SensiBotMax/Theme/ColorTheme.swift /Users/runner/work/Sensi-Bot-Ios/Sensi-Bot-Ios/ios/SensiBotMax/Views/FeedbackTunerCard.swift /Users/runner/work/Sensi-Bot-Ios/Sensi-Bot-Ios/ios/SensiBotMax/Core/FloatingMenuManager.swift /Users/runner/work/Sensi-Bot-Ios/Sensi-Bot-Ios/ios/SensiBotMax/Views/FloatingTargetingSilhouetteView.swift /Users/runner/work/Sensi-Bot-Ios/Sensi-Bot-Ios/ios/SensiBotMax/Views/HomeView.swift /Users/runner/work/Sensi-Bot-Ios/Sensi-Bot-Ios/ios/SensiBotMax/Core/IOSSensitivityEngine.swift /Users/runner/work/Sensi-Bot-Ios/Sensi-Bot-Ios/ios/SensiBotMax/Views/LicenseGateView.swift /Users/runner/work/Sensi-Bot-Ios/Sensi-Bot-Ios/ios/SensiBotMax/Core/LicenseManager.swift /Users/runner/work/Sensi-Bot-Ios/Sensi-Bot-Ios/ios/SensiBotMax/Views/LicenseView.swift /Users/runner/work/Sensi-Bot-Ios/Sensi-Bot-Ios/ios/SensiBotMax/Views/MainTabView.swift /Users/runner/work/Sensi-Bot-Ios/Sensi-Bot-Ios/ios/SensiBotMax/Core/PipOverlayManager.swift /Users/runner/work/Sensi-Bot-Ios/Sensi-Bot-Ios/ios/SensiBotMax/Views/PipOverlayView.swift /Users/runner/work/Sensi-Bot-Ios/Sensi-Bot-Ios/ios/SensiBotMax/Core/PipVideoGenerator.swift /Users/runner/work/Sensi-Bot-Ios/Sensi-Bot-Ios/ios/SensiBotMax/Views/ProfileView.swift /Users/runner/work/Sensi-Bot-Ios/Sensi-Bot-Ios/ios/SensiBotMax/App/SensiBotMaxApp.swift /Users/runner/work/Sensi-Bot-Ios/Sensi-Bot-Ios/ios/SensiBotMax/Views/SensiBotView.swift /Users/runner/work/Sensi-Bot-Ios/Sensi-Bot-Ios/ios/SensiBotMax/Core/SensiChatEngine.swift /Users/runner/work/Sensi-Bot-Ios/Sensi-Bot-Ios/ios/SensiBotMax/Views/SensiFinderView.swift /Users/runner/work/Sensi-Bot-Ios/Sensi-Bot-Ios/ios/SensiBotMax/Views/SensiLogoView.swift /Users/runner/work/Sensi-Bot-Ios/Sensi-Bot-Ios/ios/SensiBotMax/Views/SensitivityDisplayCard.swift /Users/runner/work/Sensi-Bot-Ios/Sensi-Bot-Ios/ios/SensiBotMax/Core/SupabaseConfig.swift /Users/runner/work/Sensi-Bot-Ios/Sensi-Bot-Ios/ios/SensiBotMax/Views/SupportView.swift /Users/runner/work/Sensi-Bot-Ios/Sensi-Bot-Ios/ios/SensiBotMax/Views/TouchRateProbeCard.swift /Users/runner/work/Sensi-Bot-Ios/Sensi-Bot-Ios/ios/SensiBotMax/Views/TouchVelocityLabView.swift /Users/runner/work/Sensi-Bot-Ios/Sensi-Bot-Ios/ios/build/DerivedData/Build/Intermediates.noindex/SensiBotMax.build/Release-iphoneos/SensiBotMax.build/DerivedSources/GeneratedAssetSymbols.swift (in target 'SensiBotMax' from project 'SensiBotMax')
	Building project SensiBotMax with scheme SensiBotMax and configuration Release
(3 failures)
